
> digistaybook@0.1.0 check
> npm run typecheck && npm run test && npm run build && npm run functions:build


> digistaybook@0.1.0 typecheck
> tsc --noEmit


> digistaybook@0.1.0 test
> vitest run --exclude "tests/**/*.rules.test.ts"


 RUN  v4.1.10 C:/Users/clbbe/Documents/Projects/DigiStayBook

Not implemented: navigation to another Document
Not implemented: navigation to another Document

 Test Files  35 passed (35)
      Tests  335 passed (335)
   Start at  16:33:44
   Duration  11.53s (transform 6.90s, setup 19.08s, import 10.05s, tests 21.81s, environment 131.18s)


> digistaybook@0.1.0 build
> vite build

vite v8.2.0 building client environment for production...
[2K
transforming...✓ 188 modules transformed.
rendering chunks...
computing gzip size...
dist/index.html                          1.36 kB │ gzip:   0.59 kB
dist/assets/index-CTPneYjk.css          87.54 kB │ gzip:  17.44 kB
dist/assets/index.esm-CZr-mCJw.js        0.69 kB │ gzip:   0.39 kB
dist/assets/index.esm-CQJnr55V.js        8.30 kB │ gzip:   3.29 kB
dist/assets/exportArchive-CCq8bscg.js   10.19 kB │ gzip:   5.30 kB
dist/assets/index.esm-BTcVzOZU.js       31.99 kB │ gzip:  10.43 kB
dist/assets/index.esm-DoYTAfpC.js       34.74 kB │ gzip:  11.16 kB
dist/assets/index.esm-DIQVOIfr.js      127.16 kB │ gzip:  36.11 kB
dist/assets/index-DxgXbCr6.js          459.56 kB │ gzip: 137.57 kB
dist/assets/index.esm-CxMzEItC.js      555.00 kB │ gzip: 161.92 kB

✓ built in 251ms
[plugin builtin:vite-reporter] 
(!) Some chunks are larger than 500 kB after minification. Consider:
- Using dynamic import() to code-split the application
- Use build.rolldownOptions.output.codeSplitting to improve chunking: https://rolldown.rs/reference/OutputOptions.codeSplitting
- Adjust chunk size limit for this warning via build.chunkSizeWarningLimit.
> digistaybook@0.1.0 functions:build
> npm --prefix functions run build


> build
> tsc

