i  emulators: Starting emulators: auth, functions, firestore
i  emulators: Detected demo project ID "demo-digistaybook", emulated services will use a demo configuration and attempts to access non-emulated services for this project will fail.
i  firestore: Firestore Emulator logging to firestore-debug.log
+  firestore: Firestore Emulator was started in standard edition.
+  firestore: Firestore Emulator UI websocket is running on 9150.
i  functions: Watching "C:\Users\clbbe\Documents\Projects\DigiStayBook\functions" for Cloud Functions...
!  functions: Your requested "node" version "22" doesn't match your global version "24". Using node@24 from host.
Serving at port 8855

+  functions: Loaded functions definitions from source: getPublicWall, health, moderatePost.
+  functions[australia-southeast1-getPublicWall]: http function initialized (http://127.0.0.1:5001/demo-digistaybook/australia-southeast1/getPublicWall).
+  functions[australia-southeast1-health]: http function initialized (http://127.0.0.1:5001/demo-digistaybook/australia-southeast1/health).
+  functions[australia-southeast1-moderatePost]: http function initialized (http://127.0.0.1:5001/demo-digistaybook/australia-southeast1/moderatePost).
i  Running script: node tools/verify-public-wall.mjs
(node:19508) MetadataLookupWarning: received unexpected error = All promises were rejected code = UNKNOWN
(Use `node --trace-warnings ...` to show where the warning was created)
i  functions: Beginning execution of "australia-southeast1-getPublicWall"
>  {"verifications":{"app":"MISSING","auth":"MISSING"},"logging.googleapis.com/labels":{"firebase-log-type":"callable-request-verification"},"severity":"DEBUG","message":"Callable request verification passed"}
i  functions: Finished "australia-southeast1-getPublicWall" in 199.2015ms
i  functions: Beginning execution of "australia-southeast1-getPublicWall"
>  {"verifications":{"app":"MISSING","auth":"MISSING"},"logging.googleapis.com/labels":{"firebase-log-type":"callable-request-verification"},"severity":"DEBUG","message":"Callable request verification passed"}
i  functions: Finished "australia-southeast1-getPublicWall" in 58.6524ms
i  functions: Beginning execution of "australia-southeast1-getPublicWall"
>  {"verifications":{"app":"MISSING","auth":"MISSING"},"logging.googleapis.com/labels":{"firebase-log-type":"callable-request-verification"},"severity":"DEBUG","message":"Callable request verification passed"}
i  functions: Finished "australia-southeast1-getPublicWall" in 16.9095ms
i  functions: Beginning execution of "australia-southeast1-getPublicWall"
>  {"verifications":{"app":"MISSING","auth":"MISSING"},"logging.googleapis.com/labels":{"firebase-log-type":"callable-request-verification"},"severity":"DEBUG","message":"Callable request verification passed"}
i  functions: Finished "australia-southeast1-getPublicWall" in 42.6703ms
i  functions: Beginning execution of "australia-southeast1-getPublicWall"
>  {"verifications":{"app":"MISSING","auth":"MISSING"},"logging.googleapis.com/labels":{"firebase-log-type":"callable-request-verification"},"severity":"DEBUG","message":"Callable request verification passed"}
i  functions: Finished "australia-southeast1-getPublicWall" in 15.2951ms
i  functions: Beginning execution of "australia-southeast1-getPublicWall"
>  {"verifications":{"app":"MISSING","auth":"MISSING"},"logging.googleapis.com/labels":{"firebase-log-type":"callable-request-verification"},"severity":"DEBUG","message":"Callable request verification passed"}
i  functions: Finished "australia-southeast1-getPublicWall" in 16.906ms
PASS: actual callable projection, pagination, missing wall, cancellation deadline and visibility switch; emulator data only.
i  functions: Beginning execution of "australia-southeast1-moderatePost"
>  {"verifications":{"app":"MISSING","auth":"VALID"},"logging.googleapis.com/labels":{"firebase-log-type":"callable-request-verification"},"severity":"DEBUG","message":"Callable request verification passed"}
i  functions: Finished "australia-southeast1-moderatePost" in 162.3106ms
i  functions: Beginning execution of "australia-southeast1-moderatePost"
>  {"verifications":{"app":"MISSING","auth":"VALID"},"logging.googleapis.com/labels":{"firebase-log-type":"callable-request-verification"},"severity":"DEBUG","message":"Callable request verification passed"}
i  functions: Finished "australia-southeast1-moderatePost" in 58.117ms
i  functions: Beginning execution of "australia-southeast1-moderatePost"
>  {"verifications":{"app":"MISSING","auth":"VALID"},"logging.googleapis.com/labels":{"firebase-log-type":"callable-request-verification"},"severity":"DEBUG","message":"Callable request verification passed"}
i  functions: Finished "australia-southeast1-moderatePost" in 42.0431ms
i  functions: Beginning execution of "australia-southeast1-moderatePost"
>  {"verifications":{"app":"MISSING","auth":"VALID"},"logging.googleapis.com/labels":{"firebase-log-type":"callable-request-verification"},"severity":"DEBUG","message":"Callable request verification passed"}
i  functions: Finished "australia-southeast1-moderatePost" in 33.5813ms
i  functions: Beginning execution of "australia-southeast1-moderatePost"
>  {"verifications":{"app":"MISSING","auth":"VALID"},"logging.googleapis.com/labels":{"firebase-log-type":"callable-request-verification"},"severity":"DEBUG","message":"Callable request verification passed"}
i  functions: Finished "australia-southeast1-moderatePost" in 39.0832ms
PASS: authenticated moderation, repeat deletion, preserved object target, replay collision, restricted payload denial and unresolved-report guard.
+  Script exited successfully (code 0)
i  emulators: Shutting down emulators.
i  functions: Stopping Functions Emulator
i  firestore: Stopping Firestore Emulator
!  Firestore Emulator has exited upon receiving signal: SIGINT
i  auth: Stopping Authentication Emulator
i  eventarc: Stopping Eventarc Emulator
i  tasks: Stopping Cloud Tasks Emulator
i  hub: Stopping emulator hub
i  logging: Stopping Logging Emulator
