
> digistaybook@0.1.0 check:all
> npm run check && npm run test:server


> digistaybook@0.1.0 check
> npm run typecheck && npm run test && npm run build && npm run functions:build


> digistaybook@0.1.0 typecheck
> tsc --noEmit


> digistaybook@0.1.0 test
> vitest run --exclude "tests/**/*.rules.test.ts"


 RUN  v4.1.10 C:/Users/clbbe/Documents/Projects/DigiStayBook

Not implemented: navigation to another Document
Not implemented: navigation to another Document

 Test Files  29 passed (29)
      Tests  283 passed (283)
   Start at  19:47:27
   Duration  11.24s (transform 5.52s, setup 15.88s, import 8.75s, tests 19.75s, environment 112.39s)


> digistaybook@0.1.0 build
> vite build

vite v8.2.0 building client environment for production...
[2K
transforming...✓ 174 modules transformed.
rendering chunks...
computing gzip size...
dist/index.html                      1.36 kB │ gzip:   0.59 kB
dist/assets/index-c3D_hO7F.css      85.75 kB │ gzip:  17.00 kB
dist/assets/index.esm-CZr-mCJw.js    0.69 kB │ gzip:   0.39 kB
dist/assets/index.esm-CQJnr55V.js    8.30 kB │ gzip:   3.29 kB
dist/assets/index.esm-BTcVzOZU.js   31.99 kB │ gzip:  10.43 kB
dist/assets/index.esm-DoYTAfpC.js   34.74 kB │ gzip:  11.16 kB
dist/assets/index.esm-DIQVOIfr.js  127.16 kB │ gzip:  36.11 kB
dist/assets/index-B5JthxzJ.js      427.99 kB │ gzip: 128.53 kB
dist/assets/index.esm-CxMzEItC.js  555.00 kB │ gzip: 161.92 kB

✓ built in 256ms
[plugin builtin:vite-reporter] 
(!) Some chunks are larger than 500 kB after minification. Consider:
- Using dynamic import() to code-split the application
- Use build.rolldownOptions.output.codeSplitting to improve chunking: https://rolldown.rs/reference/OutputOptions.codeSplitting
- Adjust chunk size limit for this warning via build.chunkSizeWarningLimit.
> digistaybook@0.1.0 functions:build
> npm --prefix functions run build


> build
> tsc


> digistaybook@0.1.0 test:server
> npm run functions:build && firebase emulators:exec --project demo-digistaybook --only auth,firestore,storage,functions "vitest run --no-file-parallelism tests/firestore.rules.test.ts tests/storage.rules.test.ts && node tools/verify-public-wall.mjs"


> digistaybook@0.1.0 functions:build
> npm --prefix functions run build


> build
> tsc

i  emulators: Starting emulators: auth, functions, firestore, storage
i  emulators: Detected demo project ID "demo-digistaybook", emulated services will use a demo configuration and attempts to access non-emulated services for this project will fail.
i  firestore: Firestore Emulator logging to firestore-debug.log
+  firestore: Firestore Emulator was started in standard edition.
+  firestore: Firestore Emulator UI websocket is running on 9150.
i  functions: Watching "C:\Users\clbbe\Documents\Projects\DigiStayBook\functions" for Cloud Functions...
!  functions: Your requested "node" version "22" doesn't match your global version "24". Using node@24 from host.
Serving at port 8856

+  functions: Loaded functions definitions from source: getPublicWall, health, moderatePost.
+  functions[australia-southeast1-getPublicWall]: http function initialized (http://127.0.0.1:5001/demo-digistaybook/australia-southeast1/getPublicWall).
+  functions[australia-southeast1-health]: http function initialized (http://127.0.0.1:5001/demo-digistaybook/australia-southeast1/health).
+  functions[australia-southeast1-moderatePost]: http function initialized (http://127.0.0.1:5001/demo-digistaybook/australia-southeast1/moderatePost).
i  Running script: vitest run --no-file-parallelism tests/firestore.rules.test.ts tests/storage.rules.test.ts && node tools/verify-public-wall.mjs

 RUN  v4.1.10 C:/Users/clbbe/Documents/Projects/DigiStayBook


 Test Files  2 passed (2)
      Tests  30 passed (30)
   Start at  19:47:58
   Duration  7.04s (transform 61ms, setup 375ms, import 408ms, tests 4.79s, environment 1.08s)

(node:55080) MetadataLookupWarning: received unexpected error = All promises were rejected code = UNKNOWN
(Use `node --trace-warnings ...` to show where the warning was created)
i  functions: Beginning execution of "australia-southeast1-getPublicWall"
>  {"verifications":{"app":"MISSING","auth":"MISSING"},"logging.googleapis.com/labels":{"firebase-log-type":"callable-request-verification"},"severity":"DEBUG","message":"Callable request verification passed"}
i  functions: Finished "australia-southeast1-getPublicWall" in 135.4622ms
i  functions: Beginning execution of "australia-southeast1-getPublicWall"
>  {"verifications":{"app":"MISSING","auth":"MISSING"},"logging.googleapis.com/labels":{"firebase-log-type":"callable-request-verification"},"severity":"DEBUG","message":"Callable request verification passed"}
i  functions: Finished "australia-southeast1-getPublicWall" in 66.8965ms
i  functions: Beginning execution of "australia-southeast1-getPublicWall"
>  {"verifications":{"app":"MISSING","auth":"MISSING"},"logging.googleapis.com/labels":{"firebase-log-type":"callable-request-verification"},"severity":"DEBUG","message":"Callable request verification passed"}
i  functions: Finished "australia-southeast1-getPublicWall" in 17.5143ms
i  functions: Beginning execution of "australia-southeast1-getPublicWall"
>  {"verifications":{"app":"MISSING","auth":"MISSING"},"logging.googleapis.com/labels":{"firebase-log-type":"callable-request-verification"},"severity":"DEBUG","message":"Callable request verification passed"}
i  functions: Finished "australia-southeast1-getPublicWall" in 45.8581ms
i  functions: Beginning execution of "australia-southeast1-getPublicWall"
>  {"verifications":{"app":"MISSING","auth":"MISSING"},"logging.googleapis.com/labels":{"firebase-log-type":"callable-request-verification"},"severity":"DEBUG","message":"Callable request verification passed"}
i  functions: Finished "australia-southeast1-getPublicWall" in 13.7808ms
i  functions: Beginning execution of "australia-southeast1-getPublicWall"
>  {"verifications":{"app":"MISSING","auth":"MISSING"},"logging.googleapis.com/labels":{"firebase-log-type":"callable-request-verification"},"severity":"DEBUG","message":"Callable request verification passed"}
i  functions: Finished "australia-southeast1-getPublicWall" in 12.1255ms
PASS: actual callable projection, pagination, missing wall, cancellation deadline and visibility switch; emulator data only.
i  functions: Beginning execution of "australia-southeast1-moderatePost"
>  {"verifications":{"app":"MISSING","auth":"VALID"},"logging.googleapis.com/labels":{"firebase-log-type":"callable-request-verification"},"severity":"DEBUG","message":"Callable request verification passed"}
i  functions: Finished "australia-southeast1-moderatePost" in 149.8701ms
i  functions: Beginning execution of "australia-southeast1-moderatePost"
>  {"verifications":{"app":"MISSING","auth":"VALID"},"logging.googleapis.com/labels":{"firebase-log-type":"callable-request-verification"},"severity":"DEBUG","message":"Callable request verification passed"}
i  functions: Finished "australia-southeast1-moderatePost" in 55.2501ms
i  functions: Beginning execution of "australia-southeast1-moderatePost"
>  {"verifications":{"app":"MISSING","auth":"VALID"},"logging.googleapis.com/labels":{"firebase-log-type":"callable-request-verification"},"severity":"DEBUG","message":"Callable request verification passed"}
i  functions: Finished "australia-southeast1-moderatePost" in 32.6279ms
i  functions: Beginning execution of "australia-southeast1-moderatePost"
>  {"verifications":{"app":"MISSING","auth":"VALID"},"logging.googleapis.com/labels":{"firebase-log-type":"callable-request-verification"},"severity":"DEBUG","message":"Callable request verification passed"}
i  functions: Finished "australia-southeast1-moderatePost" in 30.0657ms
i  functions: Beginning execution of "australia-southeast1-moderatePost"
>  {"verifications":{"app":"MISSING","auth":"VALID"},"logging.googleapis.com/labels":{"firebase-log-type":"callable-request-verification"},"severity":"DEBUG","message":"Callable request verification passed"}
i  functions: Finished "australia-southeast1-moderatePost" in 32.0289ms
PASS: authenticated moderation, repeat deletion, preserved object target, replay collision, restricted payload denial and unresolved-report guard.
+  Script exited successfully (code 0)
i  emulators: Shutting down emulators.
i  functions: Stopping Functions Emulator
i  firestore: Stopping Firestore Emulator
!  Firestore Emulator has exited upon receiving signal: SIGINT
i  auth: Stopping Authentication Emulator
i  storage: Stopping Storage Emulator
i  eventarc: Stopping Eventarc Emulator
i  tasks: Stopping Cloud Tasks Emulator
i  hub: Stopping emulator hub
i  logging: Stopping Logging Emulator
