
> digistaybook@0.1.0 check
> npm run typecheck && npm run test && npm run build && npm run functions:build


> digistaybook@0.1.0 typecheck
> tsc --noEmit


> digistaybook@0.1.0 test
> vitest run --exclude "tests/**/*.rules.test.ts"


 RUN  v4.1.10 C:/Users/clbbe/Documents/Projects/DigiStayBook

Not implemented: navigation to another Document
Not implemented: navigation to another Document

 Test Files  30 passed (30)
      Tests  287 passed (287)
   Start at  02:48:41
   Duration  11.07s (transform 6.82s, setup 15.75s, import 10.48s, tests 20.64s, environment 111.29s)


> digistaybook@0.1.0 build
> vite build

vite v8.2.0 building client environment for production...
[2K
transforming...✓ 180 modules transformed.
rendering chunks...
computing gzip size...
dist/index.html                      1.36 kB │ gzip:   0.59 kB
dist/assets/index-CzxiDP1I.css      86.68 kB │ gzip:  17.21 kB
dist/assets/index.esm-CZr-mCJw.js    0.69 kB │ gzip:   0.39 kB
dist/assets/index.esm-CQJnr55V.js    8.30 kB │ gzip:   3.29 kB
dist/assets/index.esm-BTcVzOZU.js   31.99 kB │ gzip:  10.43 kB
dist/assets/index.esm-DoYTAfpC.js   34.74 kB │ gzip:  11.16 kB
dist/assets/index.esm-DIQVOIfr.js  127.16 kB │ gzip:  36.11 kB
dist/assets/index-mL-rL0Bo.js      438.75 kB │ gzip: 131.94 kB
dist/assets/index.esm-CxMzEItC.js  555.00 kB │ gzip: 161.92 kB

✓ built in 357ms
[plugin builtin:vite-reporter] 
(!) Some chunks are larger than 500 kB after minification. Consider:
- Using dynamic import() to code-split the application
- Use build.rolldownOptions.output.codeSplitting to improve chunking: https://rolldown.rs/reference/OutputOptions.codeSplitting
- Adjust chunk size limit for this warning via build.chunkSizeWarningLimit.
> digistaybook@0.1.0 functions:build
> npm --prefix functions run build


> build
> tsc

