i  emulators: Starting emulators: firestore, storage
i  emulators: Detected demo project ID "demo-digistaybook", emulated services will use a demo configuration and attempts to access non-emulated services for this project will fail.
i  firestore: Firestore Emulator logging to firestore-debug.log
!  Unable to fetch the CLI MOTD and remote config. This is not a fatal error, but may indicate an issue with your network connection.
+  firestore: Firestore Emulator was started in standard edition.
+  firestore: Firestore Emulator UI websocket is running on 9150.
i  Running script: node tools/verify-storage-deletion.mjs
(node:17072) MetadataLookupWarning: received unexpected error = All promises were rejected code = UNKNOWN
(Use `node --trace-warnings ...` to show where the warning was created)
{"queue":"deletionJobs","jobId":"worker-retry","failureCode":"storage_delete_failed","attempts":1,"severity":"ERROR","message":"Error: storage_deletion_failed\n    at entryFromArgs (file:///C:/Users/clbbe/Documents/Projects/DigiStayBook/functions/node_modules/firebase-functions/lib/esm/logger/index.mjs:119:13)\n    at Module.error (file:///C:/Users/clbbe/Documents/Projects/DigiStayBook/functions/node_modules/firebase-functions/lib/esm/logger/index.mjs:108:8)\n    at processStorageJob (file:///C:/Users/clbbe/Documents/Projects/DigiStayBook/functions/lib/storageDeletion.js:88:16)\n    at async file:///C:/Users/clbbe/Documents/Projects/DigiStayBook/tools/verify-storage-deletion.mjs:34:1"}
{"queue":"deletionJobs","jobId":"worker-invalid","failureCode":"invalid_manifest","attempts":1,"severity":"ERROR","message":"Error: storage_deletion_failed\n    at entryFromArgs (file:///C:/Users/clbbe/Documents/Projects/DigiStayBook/functions/node_modules/firebase-functions/lib/esm/logger/index.mjs:119:13)\n    at Module.error (file:///C:/Users/clbbe/Documents/Projects/DigiStayBook/functions/node_modules/firebase-functions/lib/esm/logger/index.mjs:108:8)\n    at processStorageJob (file:///C:/Users/clbbe/Documents/Projects/DigiStayBook/functions/lib/storageDeletion.js:88:16)\n    at async file:///C:/Users/clbbe/Documents/Projects/DigiStayBook/tools/verify-storage-deletion.mjs:46:1"}
{"queue":"deletionJobs","jobId":"worker-bucket","failureCode":"invalid_manifest","attempts":1,"severity":"ERROR","message":"Error: storage_deletion_failed\n    at entryFromArgs (file:///C:/Users/clbbe/Documents/Projects/DigiStayBook/functions/node_modules/firebase-functions/lib/esm/logger/index.mjs:119:13)\n    at Module.error (file:///C:/Users/clbbe/Documents/Projects/DigiStayBook/functions/node_modules/firebase-functions/lib/esm/logger/index.mjs:108:8)\n    at processStorageJob (file:///C:/Users/clbbe/Documents/Projects/DigiStayBook/functions/lib/storageDeletion.js:88:16)\n    at async file:///C:/Users/clbbe/Documents/Projects/DigiStayBook/tools/verify-storage-deletion.mjs:49:1"}
{"queue":"deletionJobs","jobId":"worker-exhausted","failureCode":"storage_delete_failed","attempts":8,"severity":"ERROR","message":"Error: storage_deletion_failed\n    at entryFromArgs (file:///C:/Users/clbbe/Documents/Projects/DigiStayBook/functions/node_modules/firebase-functions/lib/esm/logger/index.mjs:119:13)\n    at Module.error (file:///C:/Users/clbbe/Documents/Projects/DigiStayBook/functions/node_modules/firebase-functions/lib/esm/logger/index.mjs:108:8)\n    at processStorageJob (file:///C:/Users/clbbe/Documents/Projects/DigiStayBook/functions/lib/storageDeletion.js:88:16)\n    at async file:///C:/Users/clbbe/Documents/Projects/DigiStayBook/tools/verify-storage-deletion.mjs:72:1"}
Storage deletion verified: real two-bucket removal, retries, missing objects, safety holds, scope rejection, upload settling, leases, exhaustion, quarantine-only cleanup and queue pagination.
+  Script exited successfully (code 0)
i  emulators: Shutting down emulators.
i  firestore: Stopping Firestore Emulator
!  Firestore Emulator has exited upon receiving signal: SIGINT
i  storage: Stopping Storage Emulator
i  hub: Stopping emulator hub
i  logging: Stopping Logging Emulator
